 cpumcupdate64

 Timestamp is 574d8aa4 (Tue May 31 05:59:16 2016)

 Preferred load address is 0000000000010000

 Start         Length     Name                   Class
 0001:00000000 00000088H .idata$5                CODE
 0001:00000090 0000001cH .rdata                  CODE
 0001:000000ac 00000073H .rdata$debug            CODE
 0001:00000120 000008c5H .text                   CODE
 0001:000009e8 000000d0H .xdata                  CODE
 0002:00000000 00000110H .data                   DATA
 0002:00000110 00000040H .bss                    DATA
 0003:00000000 000000d8H .pdata                  DATA
 0004:00000000 00000c5eH INIT                    CODE
 0004:00000c60 000001aaH INIT$s                  CODE
 0004:00000e0c 00000014H .idata$2                CODE
 0004:00000e20 00000014H .idata$3                CODE
 0004:00000e38 00000088H .idata$4                CODE
 0004:00000ec0 0000014cH .idata$6                CODE
 0005:00000000 000000a0H .rsrc$01                DATA
 0005:000000a0 00001088H .rsrc$02                DATA

  Address         Publics by Value              Rva+Base               Lib:Object

 0000:00000000       ___safe_se_handler_table   0000000000000000     <absolute>
 0000:00000000       ___safe_se_handler_count   0000000000000000     <absolute>
 0001:00000000       __imp_ExUnregisterCallback 0000000000011000     ntoskrnl:ntoskrnl.exe
 0001:00000008       __imp_IoWriteErrorLogEntry 0000000000011008     ntoskrnl:ntoskrnl.exe
 0001:00000010       __imp_ExFreePoolWithTag    0000000000011010     ntoskrnl:ntoskrnl.exe
 0001:00000018       __imp_RtlInitUnicodeString 0000000000011018     ntoskrnl:ntoskrnl.exe
 0001:00000020       __imp_KeIpiGenericCall     0000000000011020     ntoskrnl:ntoskrnl.exe
 0001:00000028       __imp_MmPageEntireDriver   0000000000011028     ntoskrnl:ntoskrnl.exe
 0001:00000030       __imp_IoAllocateErrorLogEntry 0000000000011030     ntoskrnl:ntoskrnl.exe
 0001:00000038       __imp__vsnwprintf          0000000000011038     ntoskrnl:ntoskrnl.exe
 0001:00000040       __imp_ExRegisterCallback   0000000000011040     ntoskrnl:ntoskrnl.exe
 0001:00000048       __imp_ObfDereferenceObject 0000000000011048     ntoskrnl:ntoskrnl.exe
 0001:00000050       __imp_ExCreateCallback     0000000000011050     ntoskrnl:ntoskrnl.exe
 0001:00000058       __imp_ExAllocatePoolWithTag 0000000000011058     ntoskrnl:ntoskrnl.exe
 0001:00000060       __imp_ZwReadFile           0000000000011060     ntoskrnl:ntoskrnl.exe
 0001:00000068       __imp_ZwClose              0000000000011068     ntoskrnl:ntoskrnl.exe
 0001:00000070       __imp_ZwOpenFile           0000000000011070     ntoskrnl:ntoskrnl.exe
 0001:00000078       __imp_KeBugCheckEx         0000000000011078     ntoskrnl:ntoskrnl.exe
 0001:00000080       \177ntoskrnl_NULL_THUNK_DATA 0000000000011080     ntoskrnl:ntoskrnl.exe
 0001:00000128       RtlStringCbPrintfW         0000000000011128 f i cpumcupdate.obj
 0001:00000198       DriverUnload               0000000000011198 f   cpumcupdate.obj
 0001:00000404       CpuEventCallback           0000000000011404 f   cpumcupdate.obj
 0001:00000420       PowerEventCallback         0000000000011420 f   cpumcupdate.obj
 0001:00000440       LogEvent                   0000000000011440 f   cpumcupdate.obj
 0001:000004c0       __security_check_cookie    00000000000114c0 f   BufferOverflowK:amdsecgs.obj
 0001:000004e8       __report_gsfailure         00000000000114e8 f   BufferOverflowK:gs_report.obj
 0001:00000520       memset                     0000000000011520 f   ntoskrnl:memset.obj
 0001:00000620       memcpy                     0000000000011620 f   ntoskrnl:memcpy.obj
 0001:00000620       memmove                    0000000000011620     ntoskrnl:memcpy.obj
 0001:0000095c       __GSHandlerCheckCommon     000000000001195c f   sehupd:gshandler.obj
 0001:000009c8       __GSHandlerCheck           00000000000119c8 f   sehupd:gshandler.obj
 0002:00000000       HotPatchBuffer             0000000000012000     hotpatch.obj
 0002:00000100       __security_cookie          0000000000012100     BufferOverflowK:gs_support.obj
 0002:00000108       __security_cookie_complement 0000000000012108     BufferOverflowK:gs_support.obj
 0002:00000140       cpuCallback                0000000000012140     <common>
 0002:00000148       wakeCallback               0000000000012148     <common>
 0004:00000008       DriverEntry                0000000000014008 f   cpumcupdate.obj
 0004:000002b0       FindAmdUpdate              00000000000142b0 f   parsefile.obj
 0004:00000684       FindIntelUpdate            0000000000014684 f   parsefile.obj
 0004:00000be4       __security_init_cookie     0000000000014be4 f   BufferOverflowK:gs_support.obj
 0004:00000c40       GsDriverEntry              0000000000014c40 f   BufferOverflowK:gs_support.obj
 0004:00000c60       ??_C@_0N@FFJGBINN@AuthenticAMD?$AA@PBOPGDP@ 0000000000014c60     cpumcupdate.obj
 0004:00000c70       ??_C@_0N@BDDFKIGD@GenuineIntel?$AA@PBOPGDP@ 0000000000014c70     cpumcupdate.obj
 0004:00000c80       ??_C@_1FO@EPIDHGJK@?$AA?2?$AAS?$AAy?$AAs?$AAt?$AAe?$AAm?$AAR?$AAo?$AAo?$AAt?$AA?2?$AAS?$AAy?$AAs?$AAt?$AAe?$AAm?$AA3?$AA2?$AA?2?$AAd?$AAr?$AAi?$AAv?$AAe?$AAr?$AAs?$AA?2?$AAm?$AAi?$AAc@PBOPGDP@ 0000000000014c80     cpumcupdate.obj
 0004:00000ce0       ??_C@_1HA@PJNFJPCJ@?$AA?2?$AAS?$AAy?$AAs?$AAt?$AAe?$AAm?$AAR?$AAo?$AAo?$AAt?$AA?2?$AAS?$AAy?$AAs?$AAt?$AAe?$AAm?$AA3?$AA2?$AA?2?$AAd?$AAr?$AAi?$AAv?$AAe?$AAr?$AAs?$AA?2?$AAm?$AAi?$AAc@PBOPGDP@ 0000000000014ce0     cpumcupdate.obj
 0004:00000d50       ??_C@_1FG@NIGCIFKD@?$AA?2?$AAS?$AAy?$AAs?$AAt?$AAe?$AAm?$AAR?$AAo?$AAo?$AAt?$AA?2?$AAS?$AAy?$AAs?$AAt?$AAe?$AAm?$AA3?$AA2?$AA?2?$AAd?$AAr?$AAi?$AAv?$AAe?$AAr?$AAs?$AA?2?$AAm?$AAi?$AAc@PBOPGDP@ 0000000000014d50     cpumcupdate.obj
 0004:00000db0       ??_C@_1CO@FHBOFCJN@?$AA?2?$AAC?$AAa?$AAl?$AAl?$AAb?$AAa?$AAc?$AAk?$AA?2?$AAP?$AAr?$AAo?$AAc?$AAe?$AAs?$AAs?$AAo?$AAr?$AAA?$AAd?$AAd?$AA?$AA@PBOPGDP@ 0000000000014db0     cpumcupdate.obj
 0004:00000de0       ??_C@_1CK@DOCFKPNP@?$AA?2?$AAC?$AAa?$AAl?$AAl?$AAb?$AAa?$AAc?$AAk?$AA?2?$AAP?$AAo?$AAw?$AAe?$AAr?$AAS?$AAt?$AAa?$AAt?$AAe?$AA?$AA@PBOPGDP@ 0000000000014de0     cpumcupdate.obj
 0004:00000e0c       __IMPORT_DESCRIPTOR_ntoskrnl 0000000000014e0c     ntoskrnl:ntoskrnl.exe
 0004:00000e20       __NULL_IMPORT_DESCRIPTOR   0000000000014e20     ntoskrnl:ntoskrnl.exe

 entry point at        0004:00000c40

 Static symbols

 0001:000001f8       TryToUpdateCpus            00000000000111f8 f    CIL library: CIL module
 0001:000002c4       UpdateAMDUcode             00000000000112c4 f    CIL library: CIL module
 0001:00000330       UpdateIntelUcode           0000000000011330 f    CIL library: CIL module
 0004:0000020c       RegisterCallback           000000000001420c f    CIL library: CIL module
 0004:000005b8       IsBetterAMDUpdate          00000000000145b8 f    CIL library: CIL module
 0004:000009f8       ReadBytes                  00000000000149f8 f    CIL library: CIL module
 0004:00000a58       ReadIntelBytes             0000000000014a58 f    CIL library: CIL module
